Copyright 1986-2019 Xilinx, Inc. All Rights Reserved.
------------------------------------------------------------------------------------
| Tool Version : Vivado v.2019.2 (lin64) Build 2708876 Wed Nov  6 21:39:14 MST 2019
| Date         : Mon Nov 25 20:35:41 2024
| Host         : debwing running 64-bit Debian GNU/Linux 12 (bookworm)
| Command      : report_control_sets -verbose -file Basys3_control_sets_placed.rpt
| Design       : Basys3
| Device       : xc7a35t
------------------------------------------------------------------------------------

Control Set Information

Table of Contents
-----------------
1. Summary
2. Histogram
3. Flip-Flop Distribution
4. Detailed Control Set Information

1. Summary
----------

+----------------------------------------------------------+-------+
|                          Status                          | Count |
+----------------------------------------------------------+-------+
| Total control sets                                       |   127 |
|    Minimum number of control sets                        |   127 |
|    Addition due to synthesis replication                 |     0 |
|    Addition due to physical synthesis replication        |     0 |
| Unused register locations in slices containing registers |   318 |
+----------------------------------------------------------+-------+
* Control sets can be merged at opt_design using control_set_merge or merge_equivalent_drivers
** Run report_qor_suggestions for automated merging and remapping suggestions


2. Histogram
------------

+--------------------+-------+
|       Fanout       | Count |
+--------------------+-------+
| Total control sets |   127 |
| >= 0 to < 4        |     4 |
| >= 4 to < 6        |    30 |
| >= 6 to < 8        |     5 |
| >= 8 to < 10       |     3 |
| >= 10 to < 12      |     2 |
| >= 12 to < 14      |    33 |
| >= 14 to < 16      |     0 |
| >= 16              |    50 |
+--------------------+-------+
* Control sets can be remapped at either synth_design or opt_design


3. Flip-Flop Distribution
-------------------------

+--------------+-----------------------+------------------------+-----------------+--------------+
| Clock Enable | Synchronous Set/Reset | Asynchronous Set/Reset | Total Registers | Total Slices |
+--------------+-----------------------+------------------------+-----------------+--------------+
| No           | No                    | No                     |              64 |           37 |
| No           | No                    | Yes                    |              20 |            6 |
| No           | Yes                   | No                     |             244 |           79 |
| Yes          | No                    | No                     |             406 |          167 |
| Yes          | No                    | Yes                    |             124 |           31 |
| Yes          | Yes                   | No                     |             160 |           51 |
+--------------+-----------------------+------------------------+-----------------+--------------+


4. Detailed Control Set Information
-----------------------------------

+-----------------------+-------------------------------------------------------+-------------------------------------------------------+------------------+----------------+
|      Clock Signal     |                     Enable Signal                     |                    Set/Reset Signal                   | Slice Load Count | Bel Load Count |
+-----------------------+-------------------------------------------------------+-------------------------------------------------------+------------------+----------------+
|  half_clock_BUFG      |                                                       | basys3_Programmer/bussy_sinc_reg_n_0                  |                1 |              1 |
|  half_clock_0         |                                                       | basys3_rtx2060/xelorium/vsync_reg_i_1_n_0             |                1 |              1 |
|  half_clock_0         |                                                       | basys3_rtx2060/xelorium/p_0_in                        |                1 |              1 |
|  half_clock_0         |                                                       |                                                       |                1 |              1 |
|  half_clock_BUFG      | basys3_LUT_ROM/reg_reg_4_sn_1                         | basys3_LUT_ROM/x1[11]_i_1__1_0                        |                1 |              4 |
|  half_clock_BUFG      | basys3_LUT_ROM/x1                                     | basys3_LUT_ROM/reg_reg[3]_3                           |                2 |              4 |
|  half_clock_BUFG      | basys3_LUT_ROM/reg_reg_1_sn_1                         | basys3_LUT_ROM/x5[11]_i_1_0                           |                1 |              4 |
|  half_clock_BUFG      | basys3_LUT_ROM/reg_reg_0_sn_1                         | basys3_LUT_ROM/x3[11]_i_1__0_0                        |                1 |              4 |
|  half_clock_BUFG      | basys3_LUT_ROM/reg_reg[2]_9                           | basys3_LUT_ROM/reg_reg[2]_2                           |                3 |              4 |
|  half_clock_BUFG      | basys3_LUT_ROM/reg_reg[2]_11                          | basys3_LUT_ROM/reg_reg[2]_4                           |                2 |              4 |
|  half_clock_BUFG      | basys3_LUT_ROM/reg_reg[2]_10                          | basys3_LUT_ROM/reg_reg[2]_3                           |                1 |              4 |
|  half_clock_BUFG      | basys3_LUT_ROM/reg_reg[1]_9                           | basys3_LUT_ROM/reg_reg[1]_6                           |                2 |              4 |
|  half_clock_BUFG      | basys3_LUT_ROM/reg_reg[1]_8                           | basys3_LUT_ROM/reg_reg[1]_4                           |                1 |              4 |
|  half_clock_BUFG      | basys3_LUT_ROM/reg_reg[1]_22                          | basys3_LUT_ROM/reg_reg[1]_3                           |                1 |              4 |
|  half_clock_BUFG      | basys3_LUT_ROM/reg_reg[1]_18                          | basys3_LUT_ROM/reg_reg[1]_14                          |                1 |              4 |
|  half_clock_BUFG      | basys3_LUT_ROM/reg_reg[1]_17                          | basys3_LUT_ROM/reg_reg[1]_11                          |                1 |              4 |
|  half_clock_BUFG      | basys3_LUT_ROM/reg_reg[1]_16                          | basys3_LUT_ROM/reg_reg[1]_10                          |                1 |              4 |
|  half_clock_BUFG      | basys3_LUT_ROM/reg_reg[0]_4                           | basys3_LUT_ROM/reg_reg[0]_3                           |                1 |              4 |
|  half_clock_BUFG      | basys3_LUT_ROM/y3                                     | basys3_LUT_ROM/y3[11]_i_1__0_0                        |                2 |              4 |
|  rx_state_reg[enable] | basys3_Programmer/inst_UART/state_reg[2][0]           |                                                       |                1 |              4 |
|  half_clock_BUFG      | basys3_LUT_ROM/y5_2                                   | basys3_LUT_ROM/reg_reg[1]_15                          |                1 |              4 |
|  half_clock_BUFG      | basys3_LUT_ROM/y5                                     | basys3_LUT_ROM/y5[11]_i_1_0                           |                1 |              4 |
|  half_clock_BUFG      | basys3_LUT_ROM/y4_5                                   | basys3_LUT_ROM/reg_reg[2]_1                           |                1 |              4 |
|  half_clock_BUFG      | basys3_LUT_ROM/y4                                     | basys3_LUT_ROM/reg_reg[1]_5                           |                2 |              4 |
|  half_clock_BUFG      | basys3_LUT_ROM/y3_6                                   | basys3_LUT_ROM/reg_reg[1]_2                           |                2 |              4 |
|  half_clock_BUFG      | basys3_LUT_ROM/y3_0                                   | basys3_LUT_ROM/reg_reg[1]_12                          |                1 |              4 |
|  half_clock_BUFG      | basys3_LUT_ROM/y2_8                                   | basys3_LUT_ROM/reg_reg[0]_2                           |                1 |              4 |
|  half_clock_BUFG      | basys3_LUT_ROM/y2_4                                   | basys3_LUT_ROM/reg_reg[2]_0                           |                1 |              4 |
|  half_clock_BUFG      | basys3_LUT_ROM/y2                                     | basys3_LUT_ROM/reg_reg[1]_7                           |                1 |              4 |
|  half_clock_BUFG      | basys3_LUT_ROM/y1_7                                   | basys3_LUT_ROM/reg_reg[3]_4                           |                2 |              4 |
|  clk_IBUF_BUFG        | basys3_Programmer/inst_UART/sample                    | basys3_Programmer/inst_UART/rx_state[bits][7]_i_1_n_0 |                1 |              4 |
|  half_clock_BUFG      | basys3_LUT_ROM/y1_3                                   | basys3_LUT_ROM/reg_reg_2_sn_1                         |                2 |              4 |
|  half_clock_BUFG      | basys3_LUT_ROM/y1_1                                   | basys3_LUT_ROM/reg_reg[1]_13                          |                1 |              4 |
|  half_clock_BUFG      | basys3_LUT_ROM/y1                                     | basys3_LUT_ROM/y1[11]_i_1__1_0                        |                1 |              4 |
|  clk_IBUF_BUFG        |                                                       | basys3_Programmer/inst_UART/sample_i_1_n_0            |                2 |              6 |
|  rx_state_reg[enable] |                                                       |                                                       |                3 |              6 |
|  half_clock_BUFG      |                                                       | basys3_rtx2060/xelorium/y_coordinate_reg[30]_1[0]     |                3 |              7 |
|  rx_state_reg[enable] | basys3_Programmer/inst_UART/state_reg[4][0]           |                                                       |                1 |              7 |
|  clk_IBUF_BUFG        |                                                       | basys3_Programmer/clear                               |                2 |              7 |
|  rx_state_reg[enable] | basys3_Programmer/inst_UART/E[0]                      |                                                       |                3 |              8 |
|  rx_state_reg[enable] | basys3_Programmer/inst_UART/state_reg[4]_0[0]         |                                                       |                3 |              8 |
|  rx_state_reg[enable] | basys3_Programmer/inst_UART/state_reg[0]_0[0]         |                                                       |                1 |              8 |
|  half_clock_BUFG      |                                                       | basys3_rtx2060/xelorium/x_coordinate_reg[31]_5[0]     |                7 |             10 |
|  half_clock_BUFG      |                                                       | basys3_rtx2060/xelorium/SR[0]                         |                8 |             11 |
|  half_clock_BUFG      | basys3_LUT_ROM/y2_8                                   |                                                       |                6 |             12 |
|  half_clock_BUFG      | basys3_LUT_ROM/y5                                     |                                                       |                4 |             12 |
|  half_clock_BUFG      | basys3_LUT_ROM/reg_reg[2]_10                          |                                                       |                7 |             12 |
|  half_clock_BUFG      | basys3_LUT_ROM/reg_reg[2]_11                          |                                                       |                7 |             12 |
|  half_clock_BUFG      | basys3_LUT_ROM/y4_5                                   |                                                       |                4 |             12 |
|  half_clock_BUFG      | basys3_LUT_ROM/reg_reg[2]_9                           |                                                       |                7 |             12 |
|  half_clock_BUFG      | basys3_LUT_ROM/y4                                     |                                                       |                4 |             12 |
|  half_clock_BUFG      | basys3_LUT_ROM/y3_6                                   |                                                       |                4 |             12 |
|  half_clock_BUFG      | basys3_LUT_ROM/y3_0                                   |                                                       |                3 |             12 |
|  half_clock_BUFG      | basys3_LUT_ROM/reg_reg_0_sn_1                         |                                                       |                8 |             12 |
|  half_clock_BUFG      | basys3_LUT_ROM/y3                                     |                                                       |                8 |             12 |
|  half_clock_BUFG      | basys3_LUT_ROM/bussy_reg_5                            | basys3_Programmer/clear                               |                3 |             12 |
|  half_clock_BUFG      | basys3_LUT_ROM/reg_reg_1_sn_1                         |                                                       |                4 |             12 |
|  half_clock_BUFG      | basys3_LUT_ROM/y2_4                                   |                                                       |                5 |             12 |
|  half_clock_BUFG      | basys3_LUT_ROM/reg_reg_4_sn_1                         |                                                       |                4 |             12 |
|  half_clock_BUFG      | basys3_LUT_ROM/y2                                     |                                                       |                8 |             12 |
|  clk_IBUF_BUFG        | basys3_Programmer/inst_UART/rx_state[bits][7]_i_2_n_0 | basys3_Programmer/inst_UART/rx_state[bits][7]_i_1_n_0 |                4 |             12 |
|  half_clock_BUFG      | basys3_LUT_ROM/y1_7                                   |                                                       |                6 |             12 |
|  half_clock_BUFG      | basys3_LUT_ROM/x1                                     |                                                       |                6 |             12 |
|  half_clock_BUFG      | basys3_LUT_ROM/y1_3                                   |                                                       |                4 |             12 |
|  half_clock_BUFG      | basys3_LUT_ROM/y1                                     |                                                       |                4 |             12 |
|  half_clock_BUFG      | basys3_LUT_ROM/y1_1                                   |                                                       |                3 |             12 |
|  half_clock_BUFG      | basys3_LUT_ROM/reg_reg[1]_9                           |                                                       |                4 |             12 |
|  half_clock_BUFG      | basys3_LUT_ROM/reg_reg[1]_8                           |                                                       |                6 |             12 |
|  half_clock_BUFG      | basys3_LUT_ROM/reg_reg[0]_4                           |                                                       |                4 |             12 |
|  half_clock_BUFG      | basys3_LUT_ROM/reg_reg[1]_22                          |                                                       |                5 |             12 |
|  half_clock_BUFG      | basys3_LUT_ROM/reg_reg[1]_18                          |                                                       |                3 |             12 |
|  half_clock_BUFG      |                                                       | basys3_Programmer/clear                               |                3 |             12 |
|  half_clock_BUFG      | basys3_LUT_ROM/reg_reg[1]_17                          |                                                       |                5 |             12 |
|  half_clock_BUFG      | basys3_LUT_ROM/y5_2                                   |                                                       |                3 |             12 |
|  half_clock_BUFG      | basys3_LUT_ROM/reg_reg[1]_16                          |                                                       |                4 |             12 |
|  half_clock_BUFG      |                                                       | basys3_rtx2060/xelorium/x_coordinate_reg[31]_8[0]     |                4 |             13 |
|  clk_IBUF_BUFG        |                                                       |                                                       |                9 |             13 |
|  clk_IBUF_BUFG        | basys3_basicIO/inst_timer/eqOp                        | basys3_Programmer/clear                               |                4 |             16 |
|  half_clock_BUFG      | basys3_LUT_ROM/load_regB                              | basys3_Programmer/clear                               |                4 |             16 |
|  half_clock_BUFG      | basys3_LUT_ROM/write_reg_led                          | basys3_Programmer/clear                               |                4 |             16 |
|  half_clock_BUFG      | basys3_LUT_ROM/write_reg_dis                          | basys3_Programmer/clear                               |                4 |             16 |
|  half_clock_BUFG      | basys3_LUT_ROM/load_regA                              | basys3_Programmer/clear                               |                4 |             16 |
|  clk_IBUF_BUFG        |                                                       | basys3_basicIO/btn_bottom/counter[0]_i_1__3_n_0       |                4 |             16 |
|  clk_IBUF_BUFG        |                                                       | basys3_basicIO/btn_central/counter[0]_i_1_n_0         |                4 |             16 |
|  clk_IBUF_BUFG        |                                                       | basys3_basicIO/btn_top/counter[0]_i_1__0_n_0          |                4 |             16 |
|  clk_IBUF_BUFG        |                                                       | basys3_basicIO/btn_right/counter[0]_i_1__2_n_0        |                4 |             16 |
|  clk_IBUF_BUFG        | basys3_basicIO/inst_timer/stimer                      | basys3_Programmer/clear                               |                4 |             16 |
|  clk_IBUF_BUFG        | basys3_basicIO/inst_timer/mtimer                      | basys3_Programmer/clear                               |                4 |             16 |
|  clk_IBUF_BUFG        |                                                       | basys3_basicIO/btn_left/counter[0]_i_1__1_n_0         |                4 |             16 |
|  clk_IBUF_BUFG        |                                                       | basys3_basicIO/inst_Display_Controller/clear_0        |                5 |             17 |
|  half_clock_0         | basys3_rtx2060/xelorium/h_count_reg[0]_i_1_n_7        | basys3_rtx2060/xelorium/v_count                       |                8 |             32 |
|  half_clock_0         |                                                       | basys3_rtx2060/xelorium/h_count_reg[0]_i_1_n_7        |                8 |             32 |
|  rx_state_reg[enable] | basys3_Programmer/inst_UART/state_reg[0]_1[0]         |                                                       |               18 |             35 |
|  half_clock_BUFG      |                                                       |                                                       |               24 |             44 |
|  half_clock_BUFG      | basys3_LUT_ROM/reg_reg[9]_2                           |                                                       |               16 |             64 |
|  half_clock_BUFG      | basys3_LUT_ROM/reg_reg[10]_0                          |                                                       |               16 |             64 |
|  half_clock_BUFG      | basys3_LUT_ROM/reg_reg[10]_1                          |                                                       |               16 |             64 |
|  half_clock_BUFG      | basys3_LUT_ROM/reg_reg[10]_2                          |                                                       |               16 |             64 |
|  half_clock_BUFG      | basys3_LUT_ROM/reg_reg[10]_3                          |                                                       |               16 |             64 |
|  half_clock_BUFG      | basys3_LUT_ROM/reg_reg[11]_0                          |                                                       |               16 |             64 |
|  half_clock_BUFG      | basys3_LUT_ROM/reg_reg[11]_1                          |                                                       |               16 |             64 |
|  half_clock_BUFG      | basys3_LUT_ROM/reg_reg[11]_2                          |                                                       |               16 |             64 |
|  half_clock_BUFG      | basys3_LUT_ROM/reg_reg[11]_3                          |                                                       |               16 |             64 |
|  half_clock_BUFG      | basys3_LUT_ROM/reg_reg[9]_0                           |                                                       |               16 |             64 |
|  half_clock_BUFG      | basys3_LUT_ROM/reg_reg[9]_1                           |                                                       |               16 |             64 |
|  half_clock_BUFG      | basys3_LUT_ROM/reg_reg[9]_3                           |                                                       |               16 |             64 |
|  half_clock_BUFG      | basys3_LUT_ROM/reg_reg[9]_4                           |                                                       |               16 |             64 |
|  half_clock_BUFG      | basys3_LUT_ROM/reg_reg_10_sn_1                        |                                                       |               16 |             64 |
|  half_clock_BUFG      | basys3_LUT_ROM/reg_reg_9_sn_1                         |                                                       |               16 |             64 |
|  half_clock_BUFG      | basys3_LUT_ROM/reg_reg_8_sn_1                         |                                                       |               16 |             64 |
|  half_clock_0         |                                                       | basys3_rtx2060/xelorium/h_count_reg[31]_0             |               20 |             66 |
|  clk_IBUF_BUFG        | basys3_Programmer/ready_reg_4                         |                                                       |               23 |             92 |
|  clk_IBUF_BUFG        | basys3_Programmer/ready_reg_10                        |                                                       |               23 |             92 |
|  clk_IBUF_BUFG        | basys3_Programmer/ready_reg_12                        |                                                       |               23 |             92 |
|  clk_IBUF_BUFG        | basys3_Programmer/ready_reg_1                         |                                                       |               23 |             92 |
|  clk_IBUF_BUFG        | basys3_Programmer/ready_reg_7                         |                                                       |               23 |             92 |
|  clk_IBUF_BUFG        | basys3_Programmer/ready_reg_6                         |                                                       |               23 |             92 |
|  clk_IBUF_BUFG        | basys3_Programmer/ready_reg_9                         |                                                       |               23 |             92 |
|  clk_IBUF_BUFG        | basys3_Programmer/ready_reg_2                         |                                                       |               23 |             92 |
|  clk_IBUF_BUFG        | basys3_Programmer/ready_reg_15                        |                                                       |               23 |             92 |
|  clk_IBUF_BUFG        | basys3_Programmer/ready_reg_14                        |                                                       |               23 |             92 |
|  clk_IBUF_BUFG        | basys3_Programmer/ready_reg_8                         |                                                       |               23 |             92 |
|  clk_IBUF_BUFG        | basys3_Programmer/ready_reg_0                         |                                                       |               23 |             92 |
|  clk_IBUF_BUFG        | basys3_Programmer/ready_reg_5                         |                                                       |               23 |             92 |
|  clk_IBUF_BUFG        | basys3_Programmer/ready_reg_11                        |                                                       |               23 |             92 |
|  clk_IBUF_BUFG        | basys3_Programmer/ready_reg_3                         |                                                       |               23 |             92 |
|  clk_IBUF_BUFG        | basys3_Programmer/ready_reg_13                        |                                                       |               23 |             92 |
+-----------------------+-------------------------------------------------------+-------------------------------------------------------+------------------+----------------+


